// Jest Snapshot v1, https://goo.gl/fbAQLP

exports[`Sql builder  many covers case with all filters (without after) 1`] = `"select \\"t\\".\\"height\\" as \\"height\\", \\"t\\".\\"tx_type\\" as \\"tx_type\\", \\"t\\".\\"id\\" as \\"id\\", \\"t\\".\\"time_stamp\\" as \\"time_stamp\\", \\"t\\".\\"signature\\" as \\"signature\\", \\"t\\".\\"proofs\\" as \\"proofs\\", \\"t\\".\\"tx_version\\" as \\"tx_version\\", t.fee * 10^(-fd.fee_asset_decimals) as \\"fee\\", \\"t\\".\\"sender\\" as \\"sender\\", \\"t\\".\\"sender_public_key\\" as \\"sender_public_key\\", \\"t\\".\\"asset_id\\" as \\"asset_id\\", t.amount * 10^(-ad.amount_asset_decimals) as \\"amount\\", \\"t\\".\\"recipient\\" as \\"recipient\\", \\"t\\".\\"fee_asset\\" as \\"fee_asset\\", \\"t\\".\\"attachment\\" as \\"attachment\\" from (select * from \\"txs_4\\" as \\"t\\") as \\"t\\" inner join (select \\"asset_decimals\\".\\"decimals\\" as \\"amount_asset_decimals\\", \\"asset_decimals\\".\\"asset_id\\" as \\"asset_id\\" from \\"asset_decimals\\") as \\"ad\\" on \\"t\\".\\"asset_id\\" = \\"ad\\".\\"asset_id\\" inner join (select \\"asset_decimals\\".\\"decimals\\" as \\"fee_asset_decimals\\", \\"asset_decimals\\".\\"asset_id\\" as \\"asset_id\\" from \\"asset_decimals\\") as \\"fd\\" on \\"t\\".\\"fee_asset\\" = \\"fd\\".\\"asset_id\\" where \\"sender\\" = 'sender' and \\"recipient\\" = 'recipient' and \\"t\\".\\"time_stamp\\" >= 'timeStart' and \\"t\\".\\"time_stamp\\" <= 'timeEnd' order by \\"t\\".\\"time_stamp\\" asc, \\"t\\".\\"id\\" asc limit 1"`;

exports[`Sql builder  many covers case with all filters with after 1`] = `"select \\"t\\".\\"height\\" as \\"height\\", \\"t\\".\\"tx_type\\" as \\"tx_type\\", \\"t\\".\\"id\\" as \\"id\\", \\"t\\".\\"time_stamp\\" as \\"time_stamp\\", \\"t\\".\\"signature\\" as \\"signature\\", \\"t\\".\\"proofs\\" as \\"proofs\\", \\"t\\".\\"tx_version\\" as \\"tx_version\\", t.fee * 10^(-fd.fee_asset_decimals) as \\"fee\\", \\"t\\".\\"sender\\" as \\"sender\\", \\"t\\".\\"sender_public_key\\" as \\"sender_public_key\\", \\"t\\".\\"asset_id\\" as \\"asset_id\\", t.amount * 10^(-ad.amount_asset_decimals) as \\"amount\\", \\"t\\".\\"recipient\\" as \\"recipient\\", \\"t\\".\\"fee_asset\\" as \\"fee_asset\\", \\"t\\".\\"attachment\\" as \\"attachment\\" from (select * from \\"txs_4\\" as \\"t\\") as \\"t\\" inner join (select \\"asset_decimals\\".\\"decimals\\" as \\"amount_asset_decimals\\", \\"asset_decimals\\".\\"asset_id\\" as \\"asset_id\\" from \\"asset_decimals\\") as \\"ad\\" on \\"t\\".\\"asset_id\\" = \\"ad\\".\\"asset_id\\" inner join (select \\"asset_decimals\\".\\"decimals\\" as \\"fee_asset_decimals\\", \\"asset_decimals\\".\\"asset_id\\" as \\"asset_id\\" from \\"asset_decimals\\") as \\"fd\\" on \\"t\\".\\"fee_asset\\" = \\"fd\\".\\"asset_id\\" where \\"sender\\" = 'sender' and \\"recipient\\" = 'recipient' and (t.time_stamp, t.id) > ('timestamp', 'id') and \\"t\\".\\"time_stamp\\" >= 'timeStart' and \\"t\\".\\"time_stamp\\" <= 'timeEnd' order by \\"t\\".\\"time_stamp\\" asc, \\"t\\".\\"id\\" asc limit 1"`;

exports[`Sql builder  one works 1`] = `"select \\"t\\".\\"height\\" as \\"height\\", \\"t\\".\\"tx_type\\" as \\"tx_type\\", \\"t\\".\\"id\\" as \\"id\\", \\"t\\".\\"time_stamp\\" as \\"time_stamp\\", \\"t\\".\\"signature\\" as \\"signature\\", \\"t\\".\\"proofs\\" as \\"proofs\\", \\"t\\".\\"tx_version\\" as \\"tx_version\\", t.fee * 10^(-fd.fee_asset_decimals) as \\"fee\\", \\"t\\".\\"sender\\" as \\"sender\\", \\"t\\".\\"sender_public_key\\" as \\"sender_public_key\\", \\"t\\".\\"asset_id\\" as \\"asset_id\\", t.amount * 10^(-ad.amount_asset_decimals) as \\"amount\\", \\"t\\".\\"recipient\\" as \\"recipient\\", \\"t\\".\\"fee_asset\\" as \\"fee_asset\\", \\"t\\".\\"attachment\\" as \\"attachment\\" from (select * from \\"txs_4\\" as \\"t\\") as \\"t\\" inner join (select \\"asset_decimals\\".\\"decimals\\" as \\"amount_asset_decimals\\", \\"asset_decimals\\".\\"asset_id\\" as \\"asset_id\\" from \\"asset_decimals\\") as \\"ad\\" on \\"t\\".\\"asset_id\\" = \\"ad\\".\\"asset_id\\" inner join (select \\"asset_decimals\\".\\"decimals\\" as \\"fee_asset_decimals\\", \\"asset_decimals\\".\\"asset_id\\" as \\"asset_id\\" from \\"asset_decimals\\") as \\"fd\\" on \\"t\\".\\"fee_asset\\" = \\"fd\\".\\"asset_id\\" where \\"id\\" = 'id'"`;
