// Jest Snapshot v1, https://goo.gl/fbAQLP

exports[`Transfer transaction resolver for one fetches real tx 1`] = `
Object {
  "__type": "transaction",
  "data": Object {
    "amount": "0.00093605",
    "assetId": "AnERqFRffNVrCbviXbDEdzrU6ipXCP5Y1PKpFdRnyQAy",
    "attachment": "",
    "fee": "0.001",
    "feeAsset": "WAVES",
    "height": 554167,
    "id": "GN5SSawWUwodvAcHV2d96pe7HgFqvxoEAU9FCW9MUphE",
    "recipient": "3PMYPcrwE844vTzqDxxeJMTQZYiP5GQSmvh",
    "sender": "3P23fi1qfVw6RVDn4CH2a5nNouEtWNQ4THs",
    "senderPublicKey": "9pfdqs3WwYv3d4zN2ekHSqxcPnE7zKceMJXq1zZxAyd4",
    "signature": "3hXbwJ1gBu5JeqQqBZkwegMZzn1GSTa6jj31eJ8GGpbjRxgFRjdvvLgHUayRccgTKBhi8uNLDrSmrgVr9nfT21DC",
    "timestamp": 2017-06-25T14:11:59.285Z,
    "type": 4,
    "version": 1,
  },
}
`;
