// Jest Snapshot v1, https://goo.gl/fbAQLP

exports[`Sql builder  many covers case with all filters (without after) 1`] = `"select \\"t\\".\\"height\\" as \\"height\\", \\"t\\".\\"tx_type\\" as \\"tx_type\\", \\"t\\".\\"id\\" as \\"id\\", \\"t\\".\\"time_stamp\\" as \\"time_stamp\\", \\"t\\".\\"signature\\" as \\"signature\\", \\"t\\".\\"proofs\\" as \\"proofs\\", \\"t\\".\\"tx_version\\" as \\"tx_version\\", t.fee * 10^(-8) as \\"fee\\", \\"t\\".\\"sender\\" as \\"sender\\", \\"t\\".\\"sender_public_key\\" as \\"sender_public_key\\", t.amount * 10^(-8) as \\"amount\\", \\"t\\".\\"recipient\\" as \\"recipient\\" from \\"txs_8\\" as \\"t\\" where \\"sender\\" = 'sender' and \\"recipient\\" = 'recipient' and \\"t\\".\\"time_stamp\\" >= 'timeStart' and \\"t\\".\\"time_stamp\\" <= 'timeEnd' order by \\"t\\".\\"time_stamp\\" asc, \\"t\\".\\"id\\" asc limit 1"`;

exports[`Sql builder  many covers case with all filters with after 1`] = `"select \\"t\\".\\"height\\" as \\"height\\", \\"t\\".\\"tx_type\\" as \\"tx_type\\", \\"t\\".\\"id\\" as \\"id\\", \\"t\\".\\"time_stamp\\" as \\"time_stamp\\", \\"t\\".\\"signature\\" as \\"signature\\", \\"t\\".\\"proofs\\" as \\"proofs\\", \\"t\\".\\"tx_version\\" as \\"tx_version\\", t.fee * 10^(-8) as \\"fee\\", \\"t\\".\\"sender\\" as \\"sender\\", \\"t\\".\\"sender_public_key\\" as \\"sender_public_key\\", t.amount * 10^(-8) as \\"amount\\", \\"t\\".\\"recipient\\" as \\"recipient\\" from \\"txs_8\\" as \\"t\\" where \\"sender\\" = 'sender' and \\"recipient\\" = 'recipient' and (t.time_stamp, t.id) > ('timestamp', 'id') and \\"t\\".\\"time_stamp\\" >= 'timeStart' and \\"t\\".\\"time_stamp\\" <= 'timeEnd' order by \\"t\\".\\"time_stamp\\" asc, \\"t\\".\\"id\\" asc limit 1"`;

exports[`Sql builder  one works 1`] = `"select \\"t\\".\\"height\\" as \\"height\\", \\"t\\".\\"tx_type\\" as \\"tx_type\\", \\"t\\".\\"id\\" as \\"id\\", \\"t\\".\\"time_stamp\\" as \\"time_stamp\\", \\"t\\".\\"signature\\" as \\"signature\\", \\"t\\".\\"proofs\\" as \\"proofs\\", \\"t\\".\\"tx_version\\" as \\"tx_version\\", t.fee * 10^(-8) as \\"fee\\", \\"t\\".\\"sender\\" as \\"sender\\", \\"t\\".\\"sender_public_key\\" as \\"sender_public_key\\", t.amount * 10^(-8) as \\"amount\\", \\"t\\".\\"recipient\\" as \\"recipient\\" from \\"txs_8\\" as \\"t\\" where \\"id\\" = 'id'"`;
