// Jest Snapshot v1, https://goo.gl/fbAQLP

exports[`Sql search by type-specific filters supports dapp and function filters 1`] = `"select \\"t\\".\\"uid\\", \\"t\\".\\"height\\", \\"t\\".\\"tx_type\\", \\"t\\".\\"id\\", \\"t\\".\\"time_stamp\\", \\"t\\".\\"signature\\", \\"t\\".\\"proofs\\", \\"t\\".\\"tx_version\\", \\"t\\".\\"status\\", \\"t\\".\\"fee\\", \\"t\\".\\"fee_asset_id\\", \\"t\\".\\"sender\\", \\"t\\".\\"sender_public_key\\", coalesce(t.dapp_alias, t.dapp_address) as dapp, \\"t\\".\\"function_name\\", \\"a\\".\\"arg_type\\", \\"a\\".\\"arg_value_integer\\", \\"a\\".\\"arg_value_boolean\\", \\"a\\".\\"arg_value_binary\\", \\"a\\".\\"arg_value_string\\", \\"a\\".\\"arg_value_list\\", \\"a\\".\\"position_in_args\\", \\"p\\".\\"asset_id\\", \\"p\\".\\"amount\\", \\"p\\".\\"position_in_payment\\" from \\"txs_16\\" as \\"t\\" left join \\"txs_16_args\\" as \\"a\\" on \\"a\\".\\"tx_uid\\" = \\"t\\".\\"uid\\" left join \\"txs_16_payment\\" as \\"p\\" on \\"p\\".\\"tx_uid\\" = \\"t\\".\\"uid\\" where \\"t\\".\\"uid\\" in (select \\"uid\\" from \\"txs_16\\" as \\"t\\" where dapp_address = coalesce((select sender from txs_10 where alias = 'b3N92gNUHh6jnZmZtdgECTm3cNAZb1Zei6Ve' limit 1), 'b3N92gNUHh6jnZmZtdgECTm3cNAZb1Zei6Ve') and \\"function_name\\" = 'deposit' order by \\"t\\".\\"uid\\" desc) order by \\"t\\".\\"uid\\" desc"`;

exports[`Sql search by type-specific filters supports dapp filter 1`] = `"select \\"t\\".\\"uid\\", \\"t\\".\\"height\\", \\"t\\".\\"tx_type\\", \\"t\\".\\"id\\", \\"t\\".\\"time_stamp\\", \\"t\\".\\"signature\\", \\"t\\".\\"proofs\\", \\"t\\".\\"tx_version\\", \\"t\\".\\"status\\", \\"t\\".\\"fee\\", \\"t\\".\\"fee_asset_id\\", \\"t\\".\\"sender\\", \\"t\\".\\"sender_public_key\\", coalesce(t.dapp_alias, t.dapp_address) as dapp, \\"t\\".\\"function_name\\", \\"a\\".\\"arg_type\\", \\"a\\".\\"arg_value_integer\\", \\"a\\".\\"arg_value_boolean\\", \\"a\\".\\"arg_value_binary\\", \\"a\\".\\"arg_value_string\\", \\"a\\".\\"arg_value_list\\", \\"a\\".\\"position_in_args\\", \\"p\\".\\"asset_id\\", \\"p\\".\\"amount\\", \\"p\\".\\"position_in_payment\\" from \\"txs_16\\" as \\"t\\" left join \\"txs_16_args\\" as \\"a\\" on \\"a\\".\\"tx_uid\\" = \\"t\\".\\"uid\\" left join \\"txs_16_payment\\" as \\"p\\" on \\"p\\".\\"tx_uid\\" = \\"t\\".\\"uid\\" where \\"t\\".\\"uid\\" in (select \\"uid\\" from \\"txs_16\\" as \\"t\\" where dapp_address = coalesce((select sender from txs_10 where alias = '3N92gNUHh6jnZmZtdgECTm3cNAZb1Zei6Ve' limit 1), '3N92gNUHh6jnZmZtdgECTm3cNAZb1Zei6Ve') order by \\"t\\".\\"uid\\" desc) order by \\"t\\".\\"uid\\" desc"`;

exports[`Sql search by type-specific filters supports function filter 1`] = `"select \\"t\\".\\"uid\\", \\"t\\".\\"height\\", \\"t\\".\\"tx_type\\", \\"t\\".\\"id\\", \\"t\\".\\"time_stamp\\", \\"t\\".\\"signature\\", \\"t\\".\\"proofs\\", \\"t\\".\\"tx_version\\", \\"t\\".\\"status\\", \\"t\\".\\"fee\\", \\"t\\".\\"fee_asset_id\\", \\"t\\".\\"sender\\", \\"t\\".\\"sender_public_key\\", coalesce(t.dapp_alias, t.dapp_address) as dapp, \\"t\\".\\"function_name\\", \\"a\\".\\"arg_type\\", \\"a\\".\\"arg_value_integer\\", \\"a\\".\\"arg_value_boolean\\", \\"a\\".\\"arg_value_binary\\", \\"a\\".\\"arg_value_string\\", \\"a\\".\\"arg_value_list\\", \\"a\\".\\"position_in_args\\", \\"p\\".\\"asset_id\\", \\"p\\".\\"amount\\", \\"p\\".\\"position_in_payment\\" from \\"txs_16\\" as \\"t\\" left join \\"txs_16_args\\" as \\"a\\" on \\"a\\".\\"tx_uid\\" = \\"t\\".\\"uid\\" left join \\"txs_16_payment\\" as \\"p\\" on \\"p\\".\\"tx_uid\\" = \\"t\\".\\"uid\\" where \\"t\\".\\"uid\\" in (select \\"uid\\" from \\"txs_16\\" as \\"t\\" where \\"function_name\\" = 'deposit' order by \\"t\\".\\"uid\\" desc) order by \\"t\\".\\"uid\\" desc"`;
