// Jest Snapshot v1, https://goo.gl/fbAQLP

exports[`Sql search supports type-specific filters 1`] = `"with \\"filtered_cte\\" as (select \\"t\\".\\"tx_uid\\", \\"e\\".\\"height\\", \\"e\\".\\"price\\", \\"e\\".\\"amount\\", \\"e\\".\\"sell_matcher_fee\\", \\"e\\".\\"buy_matcher_fee\\", \\"e\\".\\"sender_uid\\", \\"e\\".\\"order1_uid\\", \\"e\\".\\"order2_uid\\" from \\"txs_7_orders\\" as \\"t\\" inner join \\"txs_7\\" as \\"e\\" on \\"e\\".\\"tx_uid\\" = \\"t\\".\\"tx_uid\\" and \\"e\\".\\"order1_uid\\" = \\"t\\".\\"order_uid\\" where \\"t\\".\\"order_sender_uid\\" = (select \\"uid\\" from \\"addresses\\" where \\"address\\" = 'sender' limit 1) and \\"t\\".\\"sender_uid\\" = (select \\"uid\\" from \\"addresses\\" where \\"address\\" = 'matcher') and \\"t\\".\\"amount_asset_uid\\" = (select \\"uid\\" from \\"assets\\" where \\"asset_id\\" = 'amountAsset' limit 1) and \\"t\\".\\"price_asset_uid\\" = (select \\"uid\\" from \\"assets\\" where \\"asset_id\\" = 'priceAsset' limit 1)), \\"e_cte\\" as (select \\"t\\".\\"tx_uid\\" as \\"tx_uid\\", \\"txs\\".\\"id\\" as \\"id\\", \\"txs\\".\\"time_stamp\\" as \\"time_stamp\\", \\"t\\".\\"height\\" as \\"height\\", \\"txs\\".\\"signature\\" as \\"signature\\", \\"txs\\".\\"proofs\\" as \\"proofs\\", \\"txs\\".\\"tx_type\\" as \\"tx_type\\", \\"txs\\".\\"tx_version\\" as \\"tx_version\\", \\"addr\\".\\"address\\" as \\"sender\\", \\"addr\\".\\"public_key\\" as \\"sender_public_key\\", coalesce(o1.order->'assetPair'->>'amountAsset', 'WAVES') as \\"amount_asset\\", coalesce(o1.order->'assetPair'->>'priceAsset', 'WAVES') as \\"price_asset\\", t.price as \\"price\\", t.amount as \\"amount\\", txs.fee * 10^(-8) as \\"fee\\", t.sell_matcher_fee * 10^(-8) as \\"sell_matcher_fee\\", t.buy_matcher_fee * 10^(-8) as \\"buy_matcher_fee\\", o1.order->>'id' as \\"o1_id\\", o1.order->>'version' as \\"o1_version\\", text_timestamp_cast(o1.order->>'timestamp') as \\"o1_time_stamp\\", text_timestamp_cast(o1.order->>'expiration') as \\"o1_expiration\\", o1.order->>'signature' as \\"o1_signature\\", o1.order->>'sender' as \\"o1_sender\\", o1.order->>'senderPublicKey' as \\"o1_sender_public_key\\", o1.order->>'orderType' as \\"o1_type\\", (o1.order->>'price')::double precision as \\"o1_price\\", (o1.order->>'amount')::double precision as \\"o1_amount\\", (o1.order->>'matcherFee')::double precision * 10^(-8) as \\"o1_matcher_fee\\", o1.order->>'matcherFeeAssetId' as \\"o1_matcher_fee_asset_id\\", o2.order->>'id' as \\"o2_id\\", o2.order->>'version' as \\"o2_version\\", text_timestamp_cast(o2.order->>'timestamp') as \\"o2_time_stamp\\", text_timestamp_cast(o2.order->>'expiration') as \\"o2_expiration\\", o2.order->>'signature' as \\"o2_signature\\", o2.order->>'sender' as \\"o2_sender\\", o2.order->>'senderPublicKey' as \\"o2_sender_public_key\\", o2.order->>'orderType' as \\"o2_type\\", (o2.order->>'price')::double precision as \\"o2_price\\", (o2.order->>'amount')::double precision as \\"o2_amount\\", (o2.order->>'matcherFee')::double precision * 10^(-8) as \\"o2_matcher_fee\\", o2.order->>'matcherFeeAssetId' as \\"o2_matcher_fee_asset_id\\" from \\"filtered_cte\\" as \\"t\\" left join \\"txs\\" as \\"txs\\" on \\"txs\\".\\"uid\\" = \\"t\\".\\"tx_uid\\" left join \\"addresses\\" as \\"addr\\" on \\"addr\\".\\"uid\\" = \\"t\\".\\"sender_uid\\" left join \\"orders\\" as \\"o1\\" on \\"o1\\".\\"uid\\" = \\"t\\".\\"order1_uid\\" left join \\"orders\\" as \\"o2\\" on \\"o2\\".\\"uid\\" = \\"t\\".\\"order2_uid\\") select \\"tx_uid\\", \\"id\\", \\"time_stamp\\", \\"height\\", \\"signature\\", \\"proofs\\", \\"tx_type\\", \\"tx_version\\", \\"sender\\", \\"sender_public_key\\", \\"amount_asset\\", \\"price_asset\\", \\"fee\\", \\"sell_matcher_fee\\", \\"buy_matcher_fee\\", \\"o1_id\\", \\"o1_version\\", \\"o1_time_stamp\\", \\"o1_expiration\\", \\"o1_signature\\", \\"o1_sender\\", \\"o1_sender_public_key\\", \\"o1_type\\", \\"o1_matcher_fee\\", \\"o1_matcher_fee_asset_id\\", \\"o2_id\\", \\"o2_version\\", \\"o2_time_stamp\\", \\"o2_expiration\\", \\"o2_signature\\", \\"o2_sender\\", \\"o2_sender_public_key\\", \\"o2_type\\", \\"o2_matcher_fee\\", \\"o2_matcher_fee_asset_id\\", t.price * 10^(-8 - coalesce(p_dec.decimals, 8) + coalesce(a_dec.decimals, 8)) as \\"price\\", t.amount * 10^(-coalesce(a_dec.decimals, 8)) as \\"amount\\", t.o1_price * 10^(-8 - coalesce(p_dec.decimals, 8) + coalesce(a_dec.decimals, 8)) as \\"o1_price\\", t.o1_amount * 10^(-coalesce(a_dec.decimals, 8)) as \\"o1_amount\\", t.o2_price * 10^(-8 - coalesce(p_dec.decimals, 8) + coalesce(a_dec.decimals, 8)) as \\"o2_price\\", t.o2_amount * 10^(-coalesce(a_dec.decimals, 8)) as \\"o2_amount\\" from \\"e_cte\\" as \\"t\\" left join \\"assets\\" as \\"a_dec\\" on \\"t\\".\\"amount_asset\\" = \\"a_dec\\".\\"asset_id\\" left join \\"assets\\" as \\"p_dec\\" on \\"t\\".\\"price_asset\\" = \\"p_dec\\".\\"asset_id\\" order by \\"tx_uid\\" asc"`;
