// Jest Snapshot v1, https://goo.gl/fbAQLP

exports[`transactions.data api method get matches snapshot 1`] = `"select \\"t\\".\\"tx_uid\\" as \\"tx_uid\\", \\"txs\\".\\"tx_type\\" as \\"tx_type\\", \\"txs\\".\\"tx_version\\" as \\"tx_version\\", \\"t\\".\\"height\\" as \\"height\\", \\"txs\\".\\"id\\" as \\"id\\", \\"txs\\".\\"signature\\" as \\"signature\\", \\"txs\\".\\"time_stamp\\" as \\"time_stamp\\", \\"txs\\".\\"proofs\\" as \\"proofs\\", \\"addr\\".\\"address\\" as \\"sender\\", \\"addr\\".\\"public_key\\" as \\"sender_public_key\\", \\"td\\".\\"data_key\\" as \\"data_key\\", \\"td\\".\\"data_type\\" as \\"data_type\\", \\"td\\".\\"data_value_integer\\" as \\"data_value_integer\\", \\"td\\".\\"data_value_boolean\\" as \\"data_value_boolean\\", \\"td\\".\\"data_value_string\\" as \\"data_value_string\\", \\"td\\".\\"data_value_binary\\" as \\"data_value_binary\\", \\"td\\".\\"position_in_tx\\" as \\"position_in_tx\\", fee * 10^(-8) as \\"fee\\" from \\"txs_12\\" as \\"t\\" left join \\"txs\\" as \\"txs\\" on \\"txs\\".\\"uid\\" = \\"t\\".\\"tx_uid\\" left join \\"addresses\\" as \\"addr\\" on \\"addr\\".\\"uid\\" = \\"t\\".\\"sender_uid\\" left join \\"txs_12_data\\" as \\"td\\" on \\"td\\".\\"tx_uid\\" = \\"t\\".\\"tx_uid\\" where \\"t\\".\\"tx_uid\\" in (select \\"t\\".\\"tx_uid\\" from \\"txs_12\\" as \\"t\\" left join \\"txs_12_data\\" as \\"td\\" on \\"t\\".\\"tx_uid\\" = \\"td\\".\\"tx_uid\\" where \\"t\\".\\"tx_uid\\" = (select \\"uid\\" from \\"txs\\" where \\"id\\" = '2jnH9e2KvEEAiWKHgwocD9arjK3AvBz6DbqwK8GUHdXA' limit 1) group by \\"t\\".\\"tx_uid\\")"`;

exports[`transactions.data api method mget matches snapshot 1`] = `"select \\"t\\".\\"tx_uid\\" as \\"tx_uid\\", \\"txs\\".\\"tx_type\\" as \\"tx_type\\", \\"txs\\".\\"tx_version\\" as \\"tx_version\\", \\"t\\".\\"height\\" as \\"height\\", \\"txs\\".\\"id\\" as \\"id\\", \\"txs\\".\\"signature\\" as \\"signature\\", \\"txs\\".\\"time_stamp\\" as \\"time_stamp\\", \\"txs\\".\\"proofs\\" as \\"proofs\\", \\"addr\\".\\"address\\" as \\"sender\\", \\"addr\\".\\"public_key\\" as \\"sender_public_key\\", \\"td\\".\\"data_key\\" as \\"data_key\\", \\"td\\".\\"data_type\\" as \\"data_type\\", \\"td\\".\\"data_value_integer\\" as \\"data_value_integer\\", \\"td\\".\\"data_value_boolean\\" as \\"data_value_boolean\\", \\"td\\".\\"data_value_string\\" as \\"data_value_string\\", \\"td\\".\\"data_value_binary\\" as \\"data_value_binary\\", \\"td\\".\\"position_in_tx\\" as \\"position_in_tx\\", fee * 10^(-8) as \\"fee\\" from \\"txs_12\\" as \\"t\\" left join \\"txs\\" as \\"txs\\" on \\"txs\\".\\"uid\\" = \\"t\\".\\"tx_uid\\" left join \\"addresses\\" as \\"addr\\" on \\"addr\\".\\"uid\\" = \\"t\\".\\"sender_uid\\" left join \\"txs_12_data\\" as \\"td\\" on \\"td\\".\\"tx_uid\\" = \\"t\\".\\"tx_uid\\" where \\"t\\".\\"tx_uid\\" in (select \\"t\\".\\"tx_uid\\" from \\"txs_12\\" as \\"t\\" left join \\"txs_12_data\\" as \\"td\\" on \\"t\\".\\"tx_uid\\" = \\"td\\".\\"tx_uid\\" where \\"t\\".\\"tx_uid\\" in (select \\"uid\\" from \\"txs\\" where \\"id\\" in ('id1', 'id2')) group by \\"t\\".\\"tx_uid\\")"`;

exports[`transactions.data api method search matches snapshots with after 1`] = `"select \\"t\\".\\"tx_uid\\" as \\"tx_uid\\", \\"txs\\".\\"tx_type\\" as \\"tx_type\\", \\"txs\\".\\"tx_version\\" as \\"tx_version\\", \\"t\\".\\"height\\" as \\"height\\", \\"txs\\".\\"id\\" as \\"id\\", \\"txs\\".\\"signature\\" as \\"signature\\", \\"txs\\".\\"time_stamp\\" as \\"time_stamp\\", \\"txs\\".\\"proofs\\" as \\"proofs\\", \\"addr\\".\\"address\\" as \\"sender\\", \\"addr\\".\\"public_key\\" as \\"sender_public_key\\", \\"td\\".\\"data_key\\" as \\"data_key\\", \\"td\\".\\"data_type\\" as \\"data_type\\", \\"td\\".\\"data_value_integer\\" as \\"data_value_integer\\", \\"td\\".\\"data_value_boolean\\" as \\"data_value_boolean\\", \\"td\\".\\"data_value_string\\" as \\"data_value_string\\", \\"td\\".\\"data_value_binary\\" as \\"data_value_binary\\", \\"td\\".\\"position_in_tx\\" as \\"position_in_tx\\", fee * 10^(-8) as \\"fee\\" from \\"txs_12\\" as \\"t\\" left join \\"txs\\" as \\"txs\\" on \\"txs\\".\\"uid\\" = \\"t\\".\\"tx_uid\\" left join \\"addresses\\" as \\"addr\\" on \\"addr\\".\\"uid\\" = \\"t\\".\\"sender_uid\\" left join \\"txs_12_data\\" as \\"td\\" on \\"td\\".\\"tx_uid\\" = \\"t\\".\\"tx_uid\\" where \\"t\\".\\"tx_uid\\" in (select \\"t\\".\\"tx_uid\\" from \\"txs_12\\" as \\"t\\" left join \\"txs_12_data\\" as \\"td\\" on \\"t\\".\\"tx_uid\\" = \\"td\\".\\"tx_uid\\" where \\"t\\".\\"tx_uid\\" > 20000000 group by \\"t\\".\\"tx_uid\\" order by \\"t\\".\\"tx_uid\\" desc limit 100) order by \\"t\\".\\"tx_uid\\" desc"`;

exports[`transactions.data api method search matches snapshots with key filter 1`] = `"select \\"t\\".\\"tx_uid\\" as \\"tx_uid\\", \\"txs\\".\\"tx_type\\" as \\"tx_type\\", \\"txs\\".\\"tx_version\\" as \\"tx_version\\", \\"t\\".\\"height\\" as \\"height\\", \\"txs\\".\\"id\\" as \\"id\\", \\"txs\\".\\"signature\\" as \\"signature\\", \\"txs\\".\\"time_stamp\\" as \\"time_stamp\\", \\"txs\\".\\"proofs\\" as \\"proofs\\", \\"addr\\".\\"address\\" as \\"sender\\", \\"addr\\".\\"public_key\\" as \\"sender_public_key\\", \\"td\\".\\"data_key\\" as \\"data_key\\", \\"td\\".\\"data_type\\" as \\"data_type\\", \\"td\\".\\"data_value_integer\\" as \\"data_value_integer\\", \\"td\\".\\"data_value_boolean\\" as \\"data_value_boolean\\", \\"td\\".\\"data_value_string\\" as \\"data_value_string\\", \\"td\\".\\"data_value_binary\\" as \\"data_value_binary\\", \\"td\\".\\"position_in_tx\\" as \\"position_in_tx\\", fee * 10^(-8) as \\"fee\\" from \\"txs_12\\" as \\"t\\" left join \\"txs\\" as \\"txs\\" on \\"txs\\".\\"uid\\" = \\"t\\".\\"tx_uid\\" left join \\"addresses\\" as \\"addr\\" on \\"addr\\".\\"uid\\" = \\"t\\".\\"sender_uid\\" left join \\"txs_12_data\\" as \\"td\\" on \\"td\\".\\"tx_uid\\" = \\"t\\".\\"tx_uid\\" where \\"t\\".\\"tx_uid\\" in (select \\"t\\".\\"tx_uid\\" from \\"txs_12\\" as \\"t\\" left join \\"txs_12_data\\" as \\"td\\" on \\"t\\".\\"tx_uid\\" = \\"td\\".\\"tx_uid\\" where \\"data_key\\" = 'testboolF' group by \\"t\\".\\"tx_uid\\" order by \\"t\\".\\"tx_uid\\" desc limit 100) order by \\"t\\".\\"tx_uid\\" desc"`;

exports[`transactions.data api method search matches snapshots with limit 1`] = `"select \\"t\\".\\"tx_uid\\" as \\"tx_uid\\", \\"txs\\".\\"tx_type\\" as \\"tx_type\\", \\"txs\\".\\"tx_version\\" as \\"tx_version\\", \\"t\\".\\"height\\" as \\"height\\", \\"txs\\".\\"id\\" as \\"id\\", \\"txs\\".\\"signature\\" as \\"signature\\", \\"txs\\".\\"time_stamp\\" as \\"time_stamp\\", \\"txs\\".\\"proofs\\" as \\"proofs\\", \\"addr\\".\\"address\\" as \\"sender\\", \\"addr\\".\\"public_key\\" as \\"sender_public_key\\", \\"td\\".\\"data_key\\" as \\"data_key\\", \\"td\\".\\"data_type\\" as \\"data_type\\", \\"td\\".\\"data_value_integer\\" as \\"data_value_integer\\", \\"td\\".\\"data_value_boolean\\" as \\"data_value_boolean\\", \\"td\\".\\"data_value_string\\" as \\"data_value_string\\", \\"td\\".\\"data_value_binary\\" as \\"data_value_binary\\", \\"td\\".\\"position_in_tx\\" as \\"position_in_tx\\", fee * 10^(-8) as \\"fee\\" from \\"txs_12\\" as \\"t\\" left join \\"txs\\" as \\"txs\\" on \\"txs\\".\\"uid\\" = \\"t\\".\\"tx_uid\\" left join \\"addresses\\" as \\"addr\\" on \\"addr\\".\\"uid\\" = \\"t\\".\\"sender_uid\\" left join \\"txs_12_data\\" as \\"td\\" on \\"td\\".\\"tx_uid\\" = \\"t\\".\\"tx_uid\\" where \\"t\\".\\"tx_uid\\" in (select \\"t\\".\\"tx_uid\\" from \\"txs_12\\" as \\"t\\" left join \\"txs_12_data\\" as \\"td\\" on \\"t\\".\\"tx_uid\\" = \\"td\\".\\"tx_uid\\" group by \\"t\\".\\"tx_uid\\" order by \\"t\\".\\"tx_uid\\" desc limit 11) order by \\"t\\".\\"tx_uid\\" desc"`;

exports[`transactions.data api method search matches snapshots with no params 1`] = `"select \\"t\\".\\"tx_uid\\" as \\"tx_uid\\", \\"txs\\".\\"tx_type\\" as \\"tx_type\\", \\"txs\\".\\"tx_version\\" as \\"tx_version\\", \\"t\\".\\"height\\" as \\"height\\", \\"txs\\".\\"id\\" as \\"id\\", \\"txs\\".\\"signature\\" as \\"signature\\", \\"txs\\".\\"time_stamp\\" as \\"time_stamp\\", \\"txs\\".\\"proofs\\" as \\"proofs\\", \\"addr\\".\\"address\\" as \\"sender\\", \\"addr\\".\\"public_key\\" as \\"sender_public_key\\", \\"td\\".\\"data_key\\" as \\"data_key\\", \\"td\\".\\"data_type\\" as \\"data_type\\", \\"td\\".\\"data_value_integer\\" as \\"data_value_integer\\", \\"td\\".\\"data_value_boolean\\" as \\"data_value_boolean\\", \\"td\\".\\"data_value_string\\" as \\"data_value_string\\", \\"td\\".\\"data_value_binary\\" as \\"data_value_binary\\", \\"td\\".\\"position_in_tx\\" as \\"position_in_tx\\", fee * 10^(-8) as \\"fee\\" from \\"txs_12\\" as \\"t\\" left join \\"txs\\" as \\"txs\\" on \\"txs\\".\\"uid\\" = \\"t\\".\\"tx_uid\\" left join \\"addresses\\" as \\"addr\\" on \\"addr\\".\\"uid\\" = \\"t\\".\\"sender_uid\\" left join \\"txs_12_data\\" as \\"td\\" on \\"td\\".\\"tx_uid\\" = \\"t\\".\\"tx_uid\\" where \\"t\\".\\"tx_uid\\" in (select \\"t\\".\\"tx_uid\\" from \\"txs_12\\" as \\"t\\" left join \\"txs_12_data\\" as \\"td\\" on \\"t\\".\\"tx_uid\\" = \\"td\\".\\"tx_uid\\" group by \\"t\\".\\"tx_uid\\" order by \\"t\\".\\"tx_uid\\" desc limit 100) order by \\"t\\".\\"tx_uid\\" desc"`;

exports[`transactions.data api method search matches snapshots with sort desc 1`] = `"select \\"t\\".\\"tx_uid\\" as \\"tx_uid\\", \\"txs\\".\\"tx_type\\" as \\"tx_type\\", \\"txs\\".\\"tx_version\\" as \\"tx_version\\", \\"t\\".\\"height\\" as \\"height\\", \\"txs\\".\\"id\\" as \\"id\\", \\"txs\\".\\"signature\\" as \\"signature\\", \\"txs\\".\\"time_stamp\\" as \\"time_stamp\\", \\"txs\\".\\"proofs\\" as \\"proofs\\", \\"addr\\".\\"address\\" as \\"sender\\", \\"addr\\".\\"public_key\\" as \\"sender_public_key\\", \\"td\\".\\"data_key\\" as \\"data_key\\", \\"td\\".\\"data_type\\" as \\"data_type\\", \\"td\\".\\"data_value_integer\\" as \\"data_value_integer\\", \\"td\\".\\"data_value_boolean\\" as \\"data_value_boolean\\", \\"td\\".\\"data_value_string\\" as \\"data_value_string\\", \\"td\\".\\"data_value_binary\\" as \\"data_value_binary\\", \\"td\\".\\"position_in_tx\\" as \\"position_in_tx\\", fee * 10^(-8) as \\"fee\\" from \\"txs_12\\" as \\"t\\" left join \\"txs\\" as \\"txs\\" on \\"txs\\".\\"uid\\" = \\"t\\".\\"tx_uid\\" left join \\"addresses\\" as \\"addr\\" on \\"addr\\".\\"uid\\" = \\"t\\".\\"sender_uid\\" left join \\"txs_12_data\\" as \\"td\\" on \\"td\\".\\"tx_uid\\" = \\"t\\".\\"tx_uid\\" where \\"t\\".\\"tx_uid\\" in (select \\"t\\".\\"tx_uid\\" from \\"txs_12\\" as \\"t\\" left join \\"txs_12_data\\" as \\"td\\" on \\"t\\".\\"tx_uid\\" = \\"td\\".\\"tx_uid\\" group by \\"t\\".\\"tx_uid\\" order by \\"t\\".\\"tx_uid\\" desc limit 100) order by \\"t\\".\\"tx_uid\\" desc"`;

exports[`transactions.data api method search matches snapshots with timeEnd filter 1`] = `"select \\"t\\".\\"tx_uid\\" as \\"tx_uid\\", \\"txs\\".\\"tx_type\\" as \\"tx_type\\", \\"txs\\".\\"tx_version\\" as \\"tx_version\\", \\"t\\".\\"height\\" as \\"height\\", \\"txs\\".\\"id\\" as \\"id\\", \\"txs\\".\\"signature\\" as \\"signature\\", \\"txs\\".\\"time_stamp\\" as \\"time_stamp\\", \\"txs\\".\\"proofs\\" as \\"proofs\\", \\"addr\\".\\"address\\" as \\"sender\\", \\"addr\\".\\"public_key\\" as \\"sender_public_key\\", \\"td\\".\\"data_key\\" as \\"data_key\\", \\"td\\".\\"data_type\\" as \\"data_type\\", \\"td\\".\\"data_value_integer\\" as \\"data_value_integer\\", \\"td\\".\\"data_value_boolean\\" as \\"data_value_boolean\\", \\"td\\".\\"data_value_string\\" as \\"data_value_string\\", \\"td\\".\\"data_value_binary\\" as \\"data_value_binary\\", \\"td\\".\\"position_in_tx\\" as \\"position_in_tx\\", fee * 10^(-8) as \\"fee\\" from \\"txs_12\\" as \\"t\\" left join \\"txs\\" as \\"txs\\" on \\"txs\\".\\"uid\\" = \\"t\\".\\"tx_uid\\" left join \\"addresses\\" as \\"addr\\" on \\"addr\\".\\"uid\\" = \\"t\\".\\"sender_uid\\" left join \\"txs_12_data\\" as \\"td\\" on \\"td\\".\\"tx_uid\\" = \\"t\\".\\"tx_uid\\" where \\"t\\".\\"tx_uid\\" in (select \\"t\\".\\"tx_uid\\" from \\"txs_12\\" as \\"t\\" left join \\"txs_12_data\\" as \\"td\\" on \\"t\\".\\"tx_uid\\" = \\"td\\".\\"tx_uid\\" where \\"t\\".\\"tx_uid\\" <= (select \\"uid\\" from \\"txs\\" where \\"time_stamp\\" <= '2018-01-02 03:00:00.000' order by \\"uid\\" desc limit 1) group by \\"t\\".\\"tx_uid\\" order by \\"t\\".\\"tx_uid\\" desc limit 100) order by \\"t\\".\\"tx_uid\\" desc"`;

exports[`transactions.data api method search matches snapshots with timeStart filter 1`] = `"select \\"t\\".\\"tx_uid\\" as \\"tx_uid\\", \\"txs\\".\\"tx_type\\" as \\"tx_type\\", \\"txs\\".\\"tx_version\\" as \\"tx_version\\", \\"t\\".\\"height\\" as \\"height\\", \\"txs\\".\\"id\\" as \\"id\\", \\"txs\\".\\"signature\\" as \\"signature\\", \\"txs\\".\\"time_stamp\\" as \\"time_stamp\\", \\"txs\\".\\"proofs\\" as \\"proofs\\", \\"addr\\".\\"address\\" as \\"sender\\", \\"addr\\".\\"public_key\\" as \\"sender_public_key\\", \\"td\\".\\"data_key\\" as \\"data_key\\", \\"td\\".\\"data_type\\" as \\"data_type\\", \\"td\\".\\"data_value_integer\\" as \\"data_value_integer\\", \\"td\\".\\"data_value_boolean\\" as \\"data_value_boolean\\", \\"td\\".\\"data_value_string\\" as \\"data_value_string\\", \\"td\\".\\"data_value_binary\\" as \\"data_value_binary\\", \\"td\\".\\"position_in_tx\\" as \\"position_in_tx\\", fee * 10^(-8) as \\"fee\\" from \\"txs_12\\" as \\"t\\" left join \\"txs\\" as \\"txs\\" on \\"txs\\".\\"uid\\" = \\"t\\".\\"tx_uid\\" left join \\"addresses\\" as \\"addr\\" on \\"addr\\".\\"uid\\" = \\"t\\".\\"sender_uid\\" left join \\"txs_12_data\\" as \\"td\\" on \\"td\\".\\"tx_uid\\" = \\"t\\".\\"tx_uid\\" where \\"t\\".\\"tx_uid\\" in (select \\"t\\".\\"tx_uid\\" from \\"txs_12\\" as \\"t\\" left join \\"txs_12_data\\" as \\"td\\" on \\"t\\".\\"tx_uid\\" = \\"td\\".\\"tx_uid\\" where \\"t\\".\\"tx_uid\\" >= (select \\"uid\\" from \\"txs\\" where \\"time_stamp\\" >= '2018-01-01 03:00:00.000' order by \\"uid\\" asc limit 1) group by \\"t\\".\\"tx_uid\\" order by \\"t\\".\\"tx_uid\\" desc limit 100) order by \\"t\\".\\"tx_uid\\" desc"`;

exports[`transactions.data api method search matches snapshots with type and value 1`] = `"select \\"t\\".\\"tx_uid\\" as \\"tx_uid\\", \\"txs\\".\\"tx_type\\" as \\"tx_type\\", \\"txs\\".\\"tx_version\\" as \\"tx_version\\", \\"t\\".\\"height\\" as \\"height\\", \\"txs\\".\\"id\\" as \\"id\\", \\"txs\\".\\"signature\\" as \\"signature\\", \\"txs\\".\\"time_stamp\\" as \\"time_stamp\\", \\"txs\\".\\"proofs\\" as \\"proofs\\", \\"addr\\".\\"address\\" as \\"sender\\", \\"addr\\".\\"public_key\\" as \\"sender_public_key\\", \\"td\\".\\"data_key\\" as \\"data_key\\", \\"td\\".\\"data_type\\" as \\"data_type\\", \\"td\\".\\"data_value_integer\\" as \\"data_value_integer\\", \\"td\\".\\"data_value_boolean\\" as \\"data_value_boolean\\", \\"td\\".\\"data_value_string\\" as \\"data_value_string\\", \\"td\\".\\"data_value_binary\\" as \\"data_value_binary\\", \\"td\\".\\"position_in_tx\\" as \\"position_in_tx\\", fee * 10^(-8) as \\"fee\\" from \\"txs_12\\" as \\"t\\" left join \\"txs\\" as \\"txs\\" on \\"txs\\".\\"uid\\" = \\"t\\".\\"tx_uid\\" left join \\"addresses\\" as \\"addr\\" on \\"addr\\".\\"uid\\" = \\"t\\".\\"sender_uid\\" left join \\"txs_12_data\\" as \\"td\\" on \\"td\\".\\"tx_uid\\" = \\"t\\".\\"tx_uid\\" where \\"t\\".\\"tx_uid\\" in (select \\"t\\".\\"tx_uid\\" from \\"txs_12\\" as \\"t\\" left join \\"txs_12_data\\" as \\"td\\" on \\"t\\".\\"tx_uid\\" = \\"td\\".\\"tx_uid\\" where \\"data_type\\" = 'integer' and \\"data_value_integer\\" = 11 group by \\"t\\".\\"tx_uid\\" order by \\"t\\".\\"tx_uid\\" desc limit 100) order by \\"t\\".\\"tx_uid\\" desc"`;
