// Jest Snapshot v1, https://goo.gl/fbAQLP

exports[`candle monoid should calculate 1 candle for 1 interval 1`] = `
Object {
  "a_dec": 8,
  "close": "0.0001",
  "high": "0.01",
  "low": "1e-8",
  "max_height": 377979,
  "open": "0.01",
  "p_dec": 6,
  "quote_volume": "99.001326",
  "time_start": "2018-11-01T14:03:00.000Z",
  "txs_count": 600,
  "volume": "85260",
  "weighted_average_price": "0.00116116966924700914",
}
`;

exports[`candle monoid should calculate several candles for period with several intervals 1`] = `
Object {
  "2018-11-01T14:03:00.000Z": Object {
    "a_dec": 8,
    "close": "0.0001",
    "high": "0.01",
    "low": "1e-8",
    "max_height": 377979,
    "open": "0.01",
    "p_dec": 6,
    "quote_volume": "3.3000442",
    "time_start": "2018-11-01T14:03:00.000Z",
    "txs_count": 20,
    "volume": "2842",
    "weighted_average_price": "0.00116116966924700914",
  },
  "2018-11-02T14:03:00.000Z": Object {
    "a_dec": 8,
    "close": "0.0001",
    "high": "0.01",
    "low": "1e-8",
    "max_height": 377979,
    "open": "0.01",
    "p_dec": 6,
    "quote_volume": "3.3000442",
    "time_start": "2018-11-02T14:03:00.000Z",
    "txs_count": 20,
    "volume": "2842",
    "weighted_average_price": "0.00116116966924700914",
  },
  "2018-11-03T14:03:00.000Z": Object {
    "a_dec": 8,
    "close": "0.0001",
    "high": "0.01",
    "low": "1e-8",
    "max_height": 377979,
    "open": "0.01",
    "p_dec": 6,
    "quote_volume": "3.3000442",
    "time_start": "2018-11-03T14:03:00.000Z",
    "txs_count": 20,
    "volume": "2842",
    "weighted_average_price": "0.00116116966924700914",
  },
  "2018-11-04T14:03:00.000Z": Object {
    "a_dec": 8,
    "close": "0.0001",
    "high": "0.01",
    "low": "1e-8",
    "max_height": 377979,
    "open": "0.01",
    "p_dec": 6,
    "quote_volume": "3.3000442",
    "time_start": "2018-11-04T14:03:00.000Z",
    "txs_count": 20,
    "volume": "2842",
    "weighted_average_price": "0.00116116966924700914",
  },
  "2018-11-05T14:03:00.000Z": Object {
    "a_dec": 8,
    "close": "0.0001",
    "high": "0.01",
    "low": "1e-8",
    "max_height": 377979,
    "open": "0.01",
    "p_dec": 6,
    "quote_volume": "3.3000442",
    "time_start": "2018-11-05T14:03:00.000Z",
    "txs_count": 20,
    "volume": "2842",
    "weighted_average_price": "0.00116116966924700914",
  },
  "2018-11-06T14:03:00.000Z": Object {
    "a_dec": 8,
    "close": "0.0001",
    "high": "0.01",
    "low": "1e-8",
    "max_height": 377979,
    "open": "0.01",
    "p_dec": 6,
    "quote_volume": "3.3000442",
    "time_start": "2018-11-06T14:03:00.000Z",
    "txs_count": 20,
    "volume": "2842",
    "weighted_average_price": "0.00116116966924700914",
  },
  "2018-11-07T14:03:00.000Z": Object {
    "a_dec": 8,
    "close": "0.0001",
    "high": "0.01",
    "low": "1e-8",
    "max_height": 377979,
    "open": "0.01",
    "p_dec": 6,
    "quote_volume": "3.3000442",
    "time_start": "2018-11-07T14:03:00.000Z",
    "txs_count": 20,
    "volume": "2842",
    "weighted_average_price": "0.00116116966924700914",
  },
  "2018-11-08T14:03:00.000Z": Object {
    "a_dec": 8,
    "close": "0.0001",
    "high": "0.01",
    "low": "1e-8",
    "max_height": 377979,
    "open": "0.01",
    "p_dec": 6,
    "quote_volume": "3.3000442",
    "time_start": "2018-11-08T14:03:00.000Z",
    "txs_count": 20,
    "volume": "2842",
    "weighted_average_price": "0.00116116966924700914",
  },
  "2018-11-09T14:03:00.000Z": Object {
    "a_dec": 8,
    "close": "0.0001",
    "high": "0.01",
    "low": "1e-8",
    "max_height": 377979,
    "open": "0.01",
    "p_dec": 6,
    "quote_volume": "3.3000442",
    "time_start": "2018-11-09T14:03:00.000Z",
    "txs_count": 20,
    "volume": "2842",
    "weighted_average_price": "0.00116116966924700914",
  },
  "2018-11-10T14:03:00.000Z": Object {
    "a_dec": 8,
    "close": "0.0001",
    "high": "0.01",
    "low": "1e-8",
    "max_height": 377979,
    "open": "0.01",
    "p_dec": 6,
    "quote_volume": "3.3000442",
    "time_start": "2018-11-10T14:03:00.000Z",
    "txs_count": 20,
    "volume": "2842",
    "weighted_average_price": "0.00116116966924700914",
  },
  "2018-11-11T14:03:00.000Z": Object {
    "a_dec": 8,
    "close": "0.0001",
    "high": "0.01",
    "low": "1e-8",
    "max_height": 377979,
    "open": "0.01",
    "p_dec": 6,
    "quote_volume": "3.3000442",
    "time_start": "2018-11-11T14:03:00.000Z",
    "txs_count": 20,
    "volume": "2842",
    "weighted_average_price": "0.00116116966924700914",
  },
  "2018-11-12T14:03:00.000Z": Object {
    "a_dec": 8,
    "close": "0.0001",
    "high": "0.01",
    "low": "1e-8",
    "max_height": 377979,
    "open": "0.01",
    "p_dec": 6,
    "quote_volume": "3.3000442",
    "time_start": "2018-11-12T14:03:00.000Z",
    "txs_count": 20,
    "volume": "2842",
    "weighted_average_price": "0.00116116966924700914",
  },
  "2018-11-13T14:03:00.000Z": Object {
    "a_dec": 8,
    "close": "0.0001",
    "high": "0.01",
    "low": "1e-8",
    "max_height": 377979,
    "open": "0.01",
    "p_dec": 6,
    "quote_volume": "3.3000442",
    "time_start": "2018-11-13T14:03:00.000Z",
    "txs_count": 20,
    "volume": "2842",
    "weighted_average_price": "0.00116116966924700914",
  },
  "2018-11-14T14:03:00.000Z": Object {
    "a_dec": 8,
    "close": "0.0001",
    "high": "0.01",
    "low": "1e-8",
    "max_height": 377979,
    "open": "0.01",
    "p_dec": 6,
    "quote_volume": "3.3000442",
    "time_start": "2018-11-14T14:03:00.000Z",
    "txs_count": 20,
    "volume": "2842",
    "weighted_average_price": "0.00116116966924700914",
  },
  "2018-11-15T14:03:00.000Z": Object {
    "a_dec": 8,
    "close": "0.0001",
    "high": "0.01",
    "low": "1e-8",
    "max_height": 377979,
    "open": "0.01",
    "p_dec": 6,
    "quote_volume": "3.3000442",
    "time_start": "2018-11-15T14:03:00.000Z",
    "txs_count": 20,
    "volume": "2842",
    "weighted_average_price": "0.00116116966924700914",
  },
  "2018-11-16T14:03:00.000Z": Object {
    "a_dec": 8,
    "close": "0.0001",
    "high": "0.01",
    "low": "1e-8",
    "max_height": 377979,
    "open": "0.01",
    "p_dec": 6,
    "quote_volume": "3.3000442",
    "time_start": "2018-11-16T14:03:00.000Z",
    "txs_count": 20,
    "volume": "2842",
    "weighted_average_price": "0.00116116966924700914",
  },
  "2018-11-17T14:03:00.000Z": Object {
    "a_dec": 8,
    "close": "0.0001",
    "high": "0.01",
    "low": "1e-8",
    "max_height": 377979,
    "open": "0.01",
    "p_dec": 6,
    "quote_volume": "3.3000442",
    "time_start": "2018-11-17T14:03:00.000Z",
    "txs_count": 20,
    "volume": "2842",
    "weighted_average_price": "0.00116116966924700914",
  },
  "2018-11-18T14:03:00.000Z": Object {
    "a_dec": 8,
    "close": "0.0001",
    "high": "0.01",
    "low": "1e-8",
    "max_height": 377979,
    "open": "0.01",
    "p_dec": 6,
    "quote_volume": "3.3000442",
    "time_start": "2018-11-18T14:03:00.000Z",
    "txs_count": 20,
    "volume": "2842",
    "weighted_average_price": "0.00116116966924700914",
  },
  "2018-11-19T14:03:00.000Z": Object {
    "a_dec": 8,
    "close": "0.0001",
    "high": "0.01",
    "low": "1e-8",
    "max_height": 377979,
    "open": "0.01",
    "p_dec": 6,
    "quote_volume": "3.3000442",
    "time_start": "2018-11-19T14:03:00.000Z",
    "txs_count": 20,
    "volume": "2842",
    "weighted_average_price": "0.00116116966924700914",
  },
  "2018-11-20T14:03:00.000Z": Object {
    "a_dec": 8,
    "close": "0.0001",
    "high": "0.01",
    "low": "1e-8",
    "max_height": 377979,
    "open": "0.01",
    "p_dec": 6,
    "quote_volume": "3.3000442",
    "time_start": "2018-11-20T14:03:00.000Z",
    "txs_count": 20,
    "volume": "2842",
    "weighted_average_price": "0.00116116966924700914",
  },
  "2018-11-21T14:03:00.000Z": Object {
    "a_dec": 8,
    "close": "0.0001",
    "high": "0.01",
    "low": "1e-8",
    "max_height": 377979,
    "open": "0.01",
    "p_dec": 6,
    "quote_volume": "3.3000442",
    "time_start": "2018-11-21T14:03:00.000Z",
    "txs_count": 20,
    "volume": "2842",
    "weighted_average_price": "0.00116116966924700914",
  },
  "2018-11-22T14:03:00.000Z": Object {
    "a_dec": 8,
    "close": "0.0001",
    "high": "0.01",
    "low": "1e-8",
    "max_height": 377979,
    "open": "0.01",
    "p_dec": 6,
    "quote_volume": "3.3000442",
    "time_start": "2018-11-22T14:03:00.000Z",
    "txs_count": 20,
    "volume": "2842",
    "weighted_average_price": "0.00116116966924700914",
  },
  "2018-11-23T14:03:00.000Z": Object {
    "a_dec": 8,
    "close": "0.0001",
    "high": "0.01",
    "low": "1e-8",
    "max_height": 377979,
    "open": "0.01",
    "p_dec": 6,
    "quote_volume": "3.3000442",
    "time_start": "2018-11-23T14:03:00.000Z",
    "txs_count": 20,
    "volume": "2842",
    "weighted_average_price": "0.00116116966924700914",
  },
  "2018-11-24T14:03:00.000Z": Object {
    "a_dec": 8,
    "close": "0.0001",
    "high": "0.01",
    "low": "1e-8",
    "max_height": 377979,
    "open": "0.01",
    "p_dec": 6,
    "quote_volume": "3.3000442",
    "time_start": "2018-11-24T14:03:00.000Z",
    "txs_count": 20,
    "volume": "2842",
    "weighted_average_price": "0.00116116966924700914",
  },
  "2018-11-25T14:03:00.000Z": Object {
    "a_dec": 8,
    "close": "0.0001",
    "high": "0.01",
    "low": "1e-8",
    "max_height": 377979,
    "open": "0.01",
    "p_dec": 6,
    "quote_volume": "3.3000442",
    "time_start": "2018-11-25T14:03:00.000Z",
    "txs_count": 20,
    "volume": "2842",
    "weighted_average_price": "0.00116116966924700914",
  },
  "2018-11-26T14:03:00.000Z": Object {
    "a_dec": 8,
    "close": "0.0001",
    "high": "0.01",
    "low": "1e-8",
    "max_height": 377979,
    "open": "0.01",
    "p_dec": 6,
    "quote_volume": "3.3000442",
    "time_start": "2018-11-26T14:03:00.000Z",
    "txs_count": 20,
    "volume": "2842",
    "weighted_average_price": "0.00116116966924700914",
  },
  "2018-11-27T14:03:00.000Z": Object {
    "a_dec": 8,
    "close": "0.0001",
    "high": "0.01",
    "low": "1e-8",
    "max_height": 377979,
    "open": "0.01",
    "p_dec": 6,
    "quote_volume": "3.3000442",
    "time_start": "2018-11-27T14:03:00.000Z",
    "txs_count": 20,
    "volume": "2842",
    "weighted_average_price": "0.00116116966924700914",
  },
  "2018-11-28T14:03:00.000Z": Object {
    "a_dec": 8,
    "close": "0.0001",
    "high": "0.01",
    "low": "1e-8",
    "max_height": 377979,
    "open": "0.01",
    "p_dec": 6,
    "quote_volume": "3.3000442",
    "time_start": "2018-11-28T14:03:00.000Z",
    "txs_count": 20,
    "volume": "2842",
    "weighted_average_price": "0.00116116966924700914",
  },
  "2018-11-29T14:03:00.000Z": Object {
    "a_dec": 8,
    "close": "0.0001",
    "high": "0.01",
    "low": "1e-8",
    "max_height": 377979,
    "open": "0.01",
    "p_dec": 6,
    "quote_volume": "3.3000442",
    "time_start": "2018-11-29T14:03:00.000Z",
    "txs_count": 20,
    "volume": "2842",
    "weighted_average_price": "0.00116116966924700914",
  },
  "2018-11-30T14:03:00.000Z": Object {
    "a_dec": 8,
    "close": "0.0001",
    "high": "0.01",
    "low": "1e-8",
    "max_height": 377979,
    "open": "0.01",
    "p_dec": 6,
    "quote_volume": "3.3000442",
    "time_start": "2018-11-30T14:03:00.000Z",
    "txs_count": 20,
    "volume": "2842",
    "weighted_average_price": "0.00116116966924700914",
  },
}
`;

exports[`transform candle fn take empty candle and returns correctly transformed for result candle 1`] = `
Object {
  "__type": "candle",
  "data": Object {
    "close": null,
    "high": null,
    "low": null,
    "maxHeight": null,
    "open": null,
    "quoteVolume": null,
    "time": 2018-11-01T00:00:00.000Z,
    "timeClose": 2018-11-01T00:00:59.999Z,
    "txsCount": 0,
    "volume": null,
    "weightedAveragePrice": null,
  },
}
`;

exports[`transform candle fn take valid candle and returns correctly transformed for result candle 1`] = `
Object {
  "__type": "candle",
  "data": Object {
    "close": "0.0001",
    "high": "0.01",
    "low": "1e-8",
    "maxHeight": 377979,
    "open": "0.01",
    "quoteVolume": "3.3000442",
    "time": 2018-11-01T00:00:00.000Z,
    "timeClose": 2018-11-01T00:00:59.999Z,
    "txsCount": 20,
    "volume": "2842",
    "weightedAveragePrice": "0.0011",
  },
}
`;
