// Jest Snapshot v1, https://goo.gl/fbAQLP

exports[`pairs daemon sql test truncate table 1`] = `"truncate \\"pairs\\" restart identity"`;
