// Jest Snapshot v1, https://goo.gl/fbAQLP

exports[`sql query from candles should search candles for 1d 1`] = `"select \\"time_start\\", \\"amount_asset_id\\", \\"price_asset_id\\", \\"low\\", \\"high\\", \\"volume\\", \\"quote_volume\\", \\"max_height\\", \\"txs_count\\", \\"weighted_average_price\\", \\"open\\", \\"close\\", \\"interval\\", \\"matcher\\", \\"a_dec\\".\\"decimals\\" as \\"a_dec\\", \\"p_dec\\".\\"decimals\\" as \\"p_dec\\" from (select \\"time_start\\", \\"amount_asset_id\\", \\"price_asset_id\\", \\"low\\", \\"high\\", \\"volume\\", \\"quote_volume\\", \\"max_height\\", \\"txs_count\\", \\"weighted_average_price\\", \\"open\\", \\"close\\", \\"interval\\", \\"matcher\\" from \\"candles\\" where \\"amount_asset_id\\" = '111' and \\"price_asset_id\\" = '222' and \\"time_start\\" >= '2017-04-03 03:00:00.000' and \\"time_start\\" <= '2017-04-04 02:59:59.999' and \\"matcher\\" = '123' and \\"interval\\" = '1d') as \\"c\\" inner join \\"asset_decimals\\" as \\"a_dec\\" on \\"c\\".\\"amount_asset_id\\" = \\"a_dec\\".\\"asset_id\\" inner join \\"asset_decimals\\" as \\"p_dec\\" on \\"c\\".\\"price_asset_id\\" = \\"p_dec\\".\\"asset_id\\" order by \\"c\\".\\"time_start\\" asc"`;

exports[`sql query from candles should search candles for 1h 1`] = `"select \\"time_start\\", \\"amount_asset_id\\", \\"price_asset_id\\", \\"low\\", \\"high\\", \\"volume\\", \\"quote_volume\\", \\"max_height\\", \\"txs_count\\", \\"weighted_average_price\\", \\"open\\", \\"close\\", \\"interval\\", \\"matcher\\", \\"a_dec\\".\\"decimals\\" as \\"a_dec\\", \\"p_dec\\".\\"decimals\\" as \\"p_dec\\" from (select \\"time_start\\", \\"amount_asset_id\\", \\"price_asset_id\\", \\"low\\", \\"high\\", \\"volume\\", \\"quote_volume\\", \\"max_height\\", \\"txs_count\\", \\"weighted_average_price\\", \\"open\\", \\"close\\", \\"interval\\", \\"matcher\\" from \\"candles\\" where \\"amount_asset_id\\" = '111' and \\"price_asset_id\\" = '222' and \\"time_start\\" >= '2017-04-03 03:00:00.000' and \\"time_start\\" <= '2017-04-04 02:59:59.999' and \\"matcher\\" = '123' and \\"interval\\" = '1h') as \\"c\\" inner join \\"asset_decimals\\" as \\"a_dec\\" on \\"c\\".\\"amount_asset_id\\" = \\"a_dec\\".\\"asset_id\\" inner join \\"asset_decimals\\" as \\"p_dec\\" on \\"c\\".\\"price_asset_id\\" = \\"p_dec\\".\\"asset_id\\" order by \\"c\\".\\"time_start\\" asc"`;

exports[`sql query from candles should search candles for 1m 1`] = `"select \\"time_start\\", \\"amount_asset_id\\", \\"price_asset_id\\", \\"low\\", \\"high\\", \\"volume\\", \\"quote_volume\\", \\"max_height\\", \\"txs_count\\", \\"weighted_average_price\\", \\"open\\", \\"close\\", \\"interval\\", \\"matcher\\", \\"a_dec\\".\\"decimals\\" as \\"a_dec\\", \\"p_dec\\".\\"decimals\\" as \\"p_dec\\" from (select \\"time_start\\", \\"amount_asset_id\\", \\"price_asset_id\\", \\"low\\", \\"high\\", \\"volume\\", \\"quote_volume\\", \\"max_height\\", \\"txs_count\\", \\"weighted_average_price\\", \\"open\\", \\"close\\", \\"interval\\", \\"matcher\\" from \\"candles\\" where \\"amount_asset_id\\" = '111' and \\"price_asset_id\\" = '222' and \\"time_start\\" >= '2017-04-03 03:00:00.000' and \\"time_start\\" <= '2017-04-04 02:59:59.999' and \\"matcher\\" = '123' and \\"interval\\" = '1m') as \\"c\\" inner join \\"asset_decimals\\" as \\"a_dec\\" on \\"c\\".\\"amount_asset_id\\" = \\"a_dec\\".\\"asset_id\\" inner join \\"asset_decimals\\" as \\"p_dec\\" on \\"c\\".\\"price_asset_id\\" = \\"p_dec\\".\\"asset_id\\" order by \\"c\\".\\"time_start\\" asc"`;
