// Jest Snapshot v1, https://goo.gl/fbAQLP

exports[`leaseCancel transaction resolver for one fetches real tx 1`] = `
Object {
  "__type": "transaction",
  "data": Object {
    "fee": "0.001",
    "height": 648185,
    "id": "9oQDeqq23NuaXmGu3o635QKrZbXizZsiTbagmDzkdUaa",
    "leaseId": "6id3Ym9VqVFkddAUWUbUNDb6mmTtDRPf78tp9p1g51Ah",
    "sender": "3PPEjbcq1gAhRR5MtGU9GJAB2L1LGdUmhu8",
    "senderPublicKey": "9EV9ExXLmsTsh1DkaXFBS9WccinLDdktdFrjYNZVsPtP",
    "signature": "GEjwG5SyTghLDZhLusPToAQhva1ci5UrCRNam9Sin6QH8v4dM1YAUJ18C3sJoBAkwjbAeNBaPvkB5N654Rod4wR",
    "timestamp": 2017-09-01T00:57:11.682Z,
    "type": 9,
    "version": 1,
  },
}
`;
