// Jest Snapshot v1, https://goo.gl/fbAQLP

exports[`Pairs get many pairs should return Pairs for one correctly 1`] = `
Object {
  "__type": "list",
  "data": Array [
    null,
  ],
}
`;

exports[`Pairs get one pair should return Pair for one correctly 1`] = `null`;
